<html>
<body>
<pre>
<h1>µVision Build Log</h1>
<h2>Tool Versions:</h2>
IDE-Version: ¦ÌVision V5.36.0.0
Copyright (C) 2021 ARM Ltd and ARM Germany GmbH. All rights reserved.
License Information: 1 1, 1, LIC=32B1Q-NYXZ1-II65V-PXR2A-JBCKA-LWEDP
 
Tool Versions:
Toolchain:       MDK-ARM Plus  Version: 5.36.0.0
Toolchain Path:  E:\keil5\ARM\ARMCC\Bin
C Compiler:      Armcc.exe V5.06 update 7 (build 960)
Assembler:       Armasm.exe V5.06 update 7 (build 960)
Linker/Locator:  ArmLink.exe V5.06 update 7 (build 960)
Library Manager: ArmAr.exe V5.06 update 7 (build 960)
Hex Converter:   FromElf.exe V5.06 update 7 (build 960)
CPU DLL:         SARMCM3.DLL V5.36.0.0
Dialog DLL:      DCM.DLL V1.17.3.0
Target DLL:      Segger\JL2CM3.dll V2.99.40.0
Dialog DLL:      TCM.DLL V1.53.0.0
 
<h2>Project:</h2>
D:\±¸·Ýgd32\uart_test\matatabot_v3_gd\project\Project.uvprojx
Project File Date:  10/15/2021

<h2>Output:</h2>
*** Using Compiler 'V5.06 update 7 (build 960)', folder: 'E:\keil5\ARM\ARMCC\Bin'
Build target 'matatabot'
compiling gd32f3x0_it.c...
linking...
Program Size: Code=2948 RO-data=368 RW-data=12 ZI-data=1060  
After Build - User command #1: fromelf --bin ".\Objects\matatabot.axf" --output ".\Objects\matatabot.bin"
".\Objects\matatabot.axf" - 0 Error(s), 0 Warning(s).

<h2>Software Packages used:</h2>

Package Vendor: GigaDevice
                http://gd32mcu.com/data/documents/pack/GigaDevice.GD32F3x0_DFP.2.0.0.pack
                GigaDevice.GD32F3x0_DFP.2.0.0
                GigaDevice GD32F3x0 Series Device Support and Examples

<h2>Collection of Component include folders:</h2>
  E:\keil5\GigaDevice\GD32F3x0_DFP\2.0.0\Device\Include

<h2>Collection of Component Files used:</h2>
Build Time Elapsed:  00:00:01
</pre>
</body>
</html>
