<html>
<body>
<pre>
<h1>µVision Build Log</h1>
<h2>Tool Versions:</h2>
IDE-Version: ¦ÌVision V5.36.0.0
Copyright (C) 2021 ARM Ltd and ARM Germany GmbH. All rights reserved.
License Information: 1 1, 1, LIC=32B1Q-NYXZ1-II65V-PXR2A-JBCKA-LWEDP
 
Tool Versions:
Toolchain:       MDK-ARM Plus  Version: 5.36.0.0
Toolchain Path:  E:\keil5\ARM\ARMCC\Bin
C Compiler:      Armcc.exe V5.06 update 7 (build 960)
Assembler:       Armasm.exe V5.06 update 7 (build 960)
Linker/Locator:  ArmLink.exe V5.06 update 7 (build 960)
Library Manager: ArmAr.exe V5.06 update 7 (build 960)
Hex Converter:   FromElf.exe V5.06 update 7 (build 960)
CPU DLL:         SARMCM3.DLL V5.36.0.0
Dialog DLL:      DCM.DLL V1.17.3.0
Target DLL:      Segger\JL2CM3.dll V2.99.40.0
Dialog DLL:      TCM.DLL V1.53.0.0
 
<h2>Project:</h2>
D:\±¸·Ýgd32\uart_data_send\gd32_data_send\project\Project.uvprojx
Project File Date:  10/20/2021

<h2>Output:</h2>
*** Using Compiler 'V5.06 update 7 (build 960)', folder: 'E:\keil5\ARM\ARMCC\Bin'
Rebuild target 'matatabot'
assembling startup_gd32f3x0.s...
compiling gd32f3x0_dac.c...
compiling gd32f3x0_syscfg.c...
compiling system_gd32f3x0.c...
compiling gd32f3x0_exti.c...
compiling gd32f3x0_misc.c...
compiling gd32f3x0_dma.c...
compiling gd32f3x0_fmc.c...
compiling gd32f3x0_rcu.c...
compiling gd32f3x0_usart.c...
compiling gd32f3x0_gpio.c...
compiling gd32f3x0_timer.c...
compiling gd32f3x0_adc.c...
compiling gd32f3x0_it.c...
..\Transmitter&receiver_interrupt\gd32f3x0_it.c(170): warning:  #1-D: last line of file ends without a newline
  					 
..\Transmitter&receiver_interrupt\gd32f3x0_it.c: 1 warning, 0 errors
compiling main.c...
compiling drv_ring_buff.c...
compiling send_command.c...
..\Transmitter&receiver_interrupt\send_command.c(44): warning:  #177-D: variable "str"  was declared but never referenced
  char* str=receiver_buffer;
..\Transmitter&receiver_interrupt\send_command.c: 1 warning, 0 errors
compiling drv_receive_buff.c...
compiling drv_uart.c...
..\Transmitter&receiver_interrupt\drv_uart.c(15): warning:  #177-D: variable "s_link_rx_buf"  was declared but never referenced
  static uint8_t s_link_rx_buf[DATA_RX_BUFSIZE];
..\Transmitter&receiver_interrupt\drv_uart.c(17): warning:  #177-D: variable "s_link_tx_buf"  was declared but never referenced
  static uint8_t s_link_tx_buf[128];
..\Transmitter&receiver_interrupt\drv_uart.c: 2 warnings, 0 errors
linking...
Program Size: Code=7836 RO-data=432 RW-data=20 ZI-data=1236  
After Build - User command #1: fromelf --bin ".\Objects\matatabot.axf" --output ".\Objects\matatabot.bin"
".\Objects\matatabot.axf" - 0 Error(s), 4 Warning(s).

<h2>Software Packages used:</h2>

Package Vendor: GigaDevice
                http://gd32mcu.com/data/documents/pack/GigaDevice.GD32F3x0_DFP.2.0.0.pack
                GigaDevice.GD32F3x0_DFP.2.0.0
                GigaDevice GD32F3x0 Series Device Support and Examples

<h2>Collection of Component include folders:</h2>
  E:\keil5\GigaDevice\GD32F3x0_DFP\2.0.0\Device\Include

<h2>Collection of Component Files used:</h2>
Build Time Elapsed:  00:00:02
</pre>
</body>
</html>
